2025-09-11 05:20:42,406 Trac[env] INFO: -------------------------------- environment startup [Trac 1.5.3.dev0] --------------------------------
2025-09-11 05:20:42,522 Trac[env] INFO: Wrote sample configuration file with the new settings and their default values: /srv/www/www.br.linuxfromscratch.org/trac/conf/trac.ini.sample
2025-09-11 05:20:42,790 Trac[admin] INFO: Installing default wiki pages
2025-09-11 05:20:42,792 Trac[admin] INFO: CamelCase imported from /usr/lib/python3.9/site-packages/trac/wiki/default-pages/CamelCase
2025-09-11 05:20:42,793 Trac[admin] INFO: InterMapTxt imported from /usr/lib/python3.9/site-packages/trac/wiki/default-pages/InterMapTxt
2025-09-11 05:20:42,795 Trac[admin] INFO: InterTrac imported from /usr/lib/python3.9/site-packages/trac/wiki/default-pages/InterTrac
2025-09-11 05:20:42,796 Trac[admin] INFO: InterWiki imported from /usr/lib/python3.9/site-packages/trac/wiki/default-pages/InterWiki
2025-09-11 05:20:42,796 Trac[admin] INFO: PageTemplates imported from /usr/lib/python3.9/site-packages/trac/wiki/default-pages/PageTemplates
2025-09-11 05:20:42,797 Trac[admin] INFO: RecentChanges imported from /usr/lib/python3.9/site-packages/trac/wiki/default-pages/RecentChanges
2025-09-11 05:20:42,798 Trac[admin] INFO: SandBox imported from /usr/lib/python3.9/site-packages/trac/wiki/default-pages/SandBox
2025-09-11 05:20:42,799 Trac[admin] INFO: TicketQuery imported from /usr/lib/python3.9/site-packages/trac/wiki/default-pages/TicketQuery
2025-09-11 05:20:42,800 Trac[admin] INFO: TitleIndex imported from /usr/lib/python3.9/site-packages/trac/wiki/default-pages/TitleIndex
2025-09-11 05:20:42,800 Trac[admin] INFO: TracAccessibility imported from /usr/lib/python3.9/site-packages/trac/wiki/default-pages/TracAccessibility
2025-09-11 05:20:42,801 Trac[admin] INFO: TracAdmin imported from /usr/lib/python3.9/site-packages/trac/wiki/default-pages/TracAdmin
2025-09-11 05:20:42,802 Trac[admin] INFO: TracBackup imported from /usr/lib/python3.9/site-packages/trac/wiki/default-pages/TracBackup
2025-09-11 05:20:42,803 Trac[admin] INFO: TracBatchModify imported from /usr/lib/python3.9/site-packages/trac/wiki/default-pages/TracBatchModify
2025-09-11 05:20:42,804 Trac[admin] INFO: TracBrowser imported from /usr/lib/python3.9/site-packages/trac/wiki/default-pages/TracBrowser
2025-09-11 05:20:42,804 Trac[admin] INFO: TracCgi imported from /usr/lib/python3.9/site-packages/trac/wiki/default-pages/TracCgi
2025-09-11 05:20:42,805 Trac[admin] INFO: TracChangeLog imported from /usr/lib/python3.9/site-packages/trac/wiki/default-pages/TracChangeLog
2025-09-11 05:20:42,806 Trac[admin] INFO: TracChangeset imported from /usr/lib/python3.9/site-packages/trac/wiki/default-pages/TracChangeset
2025-09-11 05:20:42,806 Trac[admin] INFO: TracEnvironment imported from /usr/lib/python3.9/site-packages/trac/wiki/default-pages/TracEnvironment
2025-09-11 05:20:42,807 Trac[admin] INFO: TracFastCgi imported from /usr/lib/python3.9/site-packages/trac/wiki/default-pages/TracFastCgi
2025-09-11 05:20:42,808 Trac[admin] INFO: TracFineGrainedPermissions imported from /usr/lib/python3.9/site-packages/trac/wiki/default-pages/TracFineGrainedPermissions
2025-09-11 05:20:42,808 Trac[admin] INFO: TracGuide imported from /usr/lib/python3.9/site-packages/trac/wiki/default-pages/TracGuide
2025-09-11 05:20:42,809 Trac[admin] INFO: TracImport imported from /usr/lib/python3.9/site-packages/trac/wiki/default-pages/TracImport
2025-09-11 05:20:42,809 Trac[admin] INFO: TracIni imported from /usr/lib/python3.9/site-packages/trac/wiki/default-pages/TracIni
2025-09-11 05:20:42,810 Trac[admin] INFO: TracInstall imported from /usr/lib/python3.9/site-packages/trac/wiki/default-pages/TracInstall
2025-09-11 05:20:42,811 Trac[admin] INFO: TracInterfaceCustomization imported from /usr/lib/python3.9/site-packages/trac/wiki/default-pages/TracInterfaceCustomization
2025-09-11 05:20:42,811 Trac[admin] INFO: TracLinks imported from /usr/lib/python3.9/site-packages/trac/wiki/default-pages/TracLinks
2025-09-11 05:20:42,812 Trac[admin] INFO: TracLogging imported from /usr/lib/python3.9/site-packages/trac/wiki/default-pages/TracLogging
2025-09-11 05:20:42,812 Trac[admin] INFO: TracModPython imported from /usr/lib/python3.9/site-packages/trac/wiki/default-pages/TracModPython
2025-09-11 05:20:42,813 Trac[admin] INFO: TracModWSGI imported from /usr/lib/python3.9/site-packages/trac/wiki/default-pages/TracModWSGI
2025-09-11 05:20:42,814 Trac[admin] INFO: TracNavigation imported from /usr/lib/python3.9/site-packages/trac/wiki/default-pages/TracNavigation
2025-09-11 05:20:42,814 Trac[admin] INFO: TracNotification imported from /usr/lib/python3.9/site-packages/trac/wiki/default-pages/TracNotification
2025-09-11 05:20:42,815 Trac[admin] INFO: TracPermissions imported from /usr/lib/python3.9/site-packages/trac/wiki/default-pages/TracPermissions
2025-09-11 05:20:42,815 Trac[admin] INFO: TracPlugins imported from /usr/lib/python3.9/site-packages/trac/wiki/default-pages/TracPlugins
2025-09-11 05:20:42,816 Trac[admin] INFO: TracQuery imported from /usr/lib/python3.9/site-packages/trac/wiki/default-pages/TracQuery
2025-09-11 05:20:42,817 Trac[admin] INFO: TracReports imported from /usr/lib/python3.9/site-packages/trac/wiki/default-pages/TracReports
2025-09-11 05:20:42,817 Trac[admin] INFO: TracRepositoryAdmin imported from /usr/lib/python3.9/site-packages/trac/wiki/default-pages/TracRepositoryAdmin
2025-09-11 05:20:42,818 Trac[admin] INFO: TracRevisionLog imported from /usr/lib/python3.9/site-packages/trac/wiki/default-pages/TracRevisionLog
2025-09-11 05:20:42,819 Trac[admin] INFO: TracRoadmap imported from /usr/lib/python3.9/site-packages/trac/wiki/default-pages/TracRoadmap
2025-09-11 05:20:42,819 Trac[admin] INFO: TracRss imported from /usr/lib/python3.9/site-packages/trac/wiki/default-pages/TracRss
2025-09-11 05:20:42,820 Trac[admin] INFO: TracSearch imported from /usr/lib/python3.9/site-packages/trac/wiki/default-pages/TracSearch
2025-09-11 05:20:42,821 Trac[admin] INFO: TracStandalone imported from /usr/lib/python3.9/site-packages/trac/wiki/default-pages/TracStandalone
2025-09-11 05:20:42,821 Trac[admin] INFO: TracSupport imported from /usr/lib/python3.9/site-packages/trac/wiki/default-pages/TracSupport
2025-09-11 05:20:42,822 Trac[admin] INFO: TracSyntaxColoring imported from /usr/lib/python3.9/site-packages/trac/wiki/default-pages/TracSyntaxColoring
2025-09-11 05:20:42,822 Trac[admin] INFO: TracTickets imported from /usr/lib/python3.9/site-packages/trac/wiki/default-pages/TracTickets
2025-09-11 05:20:42,823 Trac[admin] INFO: TracTicketsCustomFields imported from /usr/lib/python3.9/site-packages/trac/wiki/default-pages/TracTicketsCustomFields
2025-09-11 05:20:42,824 Trac[admin] INFO: TracTimeline imported from /usr/lib/python3.9/site-packages/trac/wiki/default-pages/TracTimeline
2025-09-11 05:20:42,825 Trac[admin] INFO: TracUnicode imported from /usr/lib/python3.9/site-packages/trac/wiki/default-pages/TracUnicode
2025-09-11 05:20:42,825 Trac[admin] INFO: TracUpgrade imported from /usr/lib/python3.9/site-packages/trac/wiki/default-pages/TracUpgrade
2025-09-11 05:20:42,826 Trac[admin] INFO: TracWiki imported from /usr/lib/python3.9/site-packages/trac/wiki/default-pages/TracWiki
2025-09-11 05:20:42,826 Trac[admin] INFO: TracWorkflow imported from /usr/lib/python3.9/site-packages/trac/wiki/default-pages/TracWorkflow
2025-09-11 05:20:42,827 Trac[admin] INFO: WikiDeletePage imported from /usr/lib/python3.9/site-packages/trac/wiki/default-pages/WikiDeletePage
2025-09-11 05:20:42,828 Trac[admin] INFO: WikiFormatting imported from /usr/lib/python3.9/site-packages/trac/wiki/default-pages/WikiFormatting
2025-09-11 05:20:42,828 Trac[admin] INFO: WikiHtml imported from /usr/lib/python3.9/site-packages/trac/wiki/default-pages/WikiHtml
2025-09-11 05:20:42,829 Trac[admin] INFO: WikiMacros imported from /usr/lib/python3.9/site-packages/trac/wiki/default-pages/WikiMacros
2025-09-11 05:20:42,829 Trac[admin] INFO: WikiNewPage imported from /usr/lib/python3.9/site-packages/trac/wiki/default-pages/WikiNewPage
2025-09-11 05:20:42,830 Trac[admin] INFO: WikiPageNames imported from /usr/lib/python3.9/site-packages/trac/wiki/default-pages/WikiPageNames
2025-09-11 05:20:42,831 Trac[admin] INFO: WikiProcessors imported from /usr/lib/python3.9/site-packages/trac/wiki/default-pages/WikiProcessors
2025-09-11 05:20:42,831 Trac[admin] INFO: WikiRestructuredText imported from /usr/lib/python3.9/site-packages/trac/wiki/default-pages/WikiRestructuredText
2025-09-11 05:20:42,832 Trac[admin] INFO: WikiRestructuredTextLinks imported from /usr/lib/python3.9/site-packages/trac/wiki/default-pages/WikiRestructuredTextLinks
2025-09-11 05:20:42,832 Trac[admin] INFO: WikiStart imported from /usr/lib/python3.9/site-packages/trac/wiki/default-pages/WikiStart
